Archive member included to satisfy reference by file (symbol)

build/libxpcc/src/libxpcc.a(iostream.o)
                              build/main.o (xpcc::IOStream::IOStream(xpcc::IODevice&))
build/libxpcc/src/libxpcc.a(cxxabi.o)
                              build/main.o (__aeabi_atexit)
build/libxpcc/src/libxpcc.a(startup.o)
                              (Reset_Handler)
build/libxpcc/src/libxpcc.a(default_handler.o)
                              (_init)
build/libxpcc/src/libxpcc.a(heap_newlib.o)
                              build/libxpcc/src/libxpcc.a(startup.o) (__xpcc_initialize_memory)
build/libxpcc/src/libxpcc.a(delay.o)
                              build/main.o (_delay_ms)
build/libxpcc/src/libxpcc.a(systick_timer.o)
                              build/main.o (xpcc::cortex::SysTickTimer::enable(unsigned long))
build/libxpcc/src/libxpcc.a(hard_fault.o)
                              build/libxpcc/src/libxpcc.a(startup.o) (HardFault_Handler)
build/libxpcc/src/libxpcc.a(latency.o)
                              build/main.o (xpcc::stm32::ClockControl::setFlashLatency(unsigned long, unsigned short))
build/libxpcc/src/libxpcc.a(clock.o)
                              build/main.o (xpcc::stm32::ClockControl::enableExternalCrystal(unsigned long))
build/libxpcc/src/libxpcc.a(uart_2.o)
                              build/main.o (xpcc::stm32::Usart2::initializeBuffered(unsigned long))
build/libxpcc/src/libxpcc.a(gpio_enable.o)
                              build/libxpcc/src/libxpcc.a(startup.o) (xpcc_gpio_enable)
build/libxpcc/src/libxpcc.a(clock.o)
                              build/libxpcc/src/libxpcc.a(systick_timer.o) (xpcc::Clock::time)
build/libxpcc/src/libxpcc.a(heap_table.o)
                              build/libxpcc/src/libxpcc.a(heap_newlib.o) (xpcc_heap_table_find_largest)
build/libxpcc/src/libxpcc.a(hard_fault_handler.o)
                              build/libxpcc/src/libxpcc.a(hard_fault.o) (_initHardFaultHandlerLed)
/usr/bin/../lib/gcc/arm-none-eabi/5.4.1/armv7e-m/libgcc.a(_aeabi_uldivmod.o)
                              build/libxpcc/src/libxpcc.a(iostream.o) (__aeabi_uldivmod)
/usr/bin/../lib/gcc/arm-none-eabi/5.4.1/armv7e-m/libgcc.a(_udivmoddi4.o)
                              /usr/bin/../lib/gcc/arm-none-eabi/5.4.1/armv7e-m/libgcc.a(_aeabi_uldivmod.o) (__udivmoddi4)
/usr/bin/../lib/gcc/arm-none-eabi/5.4.1/armv7e-m/libgcc.a(_dvmd_tls.o)
                              /usr/bin/../lib/gcc/arm-none-eabi/5.4.1/armv7e-m/libgcc.a(_aeabi_uldivmod.o) (__aeabi_ldiv0)
/usr/bin/../lib/gcc/arm-none-eabi/5.4.1/../../../../arm-none-eabi/lib/armv7e-m/libc_nano.a(lib_a-init.o)
                              build/libxpcc/src/libxpcc.a(startup.o) (__libc_init_array)
/usr/bin/../lib/gcc/arm-none-eabi/5.4.1/../../../../arm-none-eabi/lib/armv7e-m/libc_nano.a(lib_a-malloc.o)
                              build/libxpcc/src/libxpcc.a(cxxabi.o) (malloc)
/usr/bin/../lib/gcc/arm-none-eabi/5.4.1/../../../../arm-none-eabi/lib/armv7e-m/libc_nano.a(lib_a-nano-callocr.o)
                              build/libxpcc/src/libxpcc.a(heap_newlib.o) (_calloc_r)
/usr/bin/../lib/gcc/arm-none-eabi/5.4.1/../../../../arm-none-eabi/lib/armv7e-m/libc_nano.a(lib_a-nano-freer.o)
                              build/libxpcc/src/libxpcc.a(heap_newlib.o) (_free_r)
/usr/bin/../lib/gcc/arm-none-eabi/5.4.1/../../../../arm-none-eabi/lib/armv7e-m/libc_nano.a(lib_a-nano-mallocr.o)
                              build/libxpcc/src/libxpcc.a(heap_newlib.o) (_malloc_r)
/usr/bin/../lib/gcc/arm-none-eabi/5.4.1/../../../../arm-none-eabi/lib/armv7e-m/libc_nano.a(lib_a-nano-reallocr.o)
                              build/libxpcc/src/libxpcc.a(heap_newlib.o) (_realloc_r)
/usr/bin/../lib/gcc/arm-none-eabi/5.4.1/../../../../arm-none-eabi/lib/armv7e-m/libc_nano.a(lib_a-impure.o)
                              /usr/bin/../lib/gcc/arm-none-eabi/5.4.1/../../../../arm-none-eabi/lib/armv7e-m/libc_nano.a(lib_a-malloc.o) (_impure_ptr)
/usr/bin/../lib/gcc/arm-none-eabi/5.4.1/../../../../arm-none-eabi/lib/armv7e-m/libc_nano.a(lib_a-memcpy-stub.o)
                              /usr/bin/../lib/gcc/arm-none-eabi/5.4.1/../../../../arm-none-eabi/lib/armv7e-m/libc_nano.a(lib_a-nano-reallocr.o) (memcpy)
/usr/bin/../lib/gcc/arm-none-eabi/5.4.1/../../../../arm-none-eabi/lib/armv7e-m/libc_nano.a(lib_a-memset.o)
                              /usr/bin/../lib/gcc/arm-none-eabi/5.4.1/../../../../arm-none-eabi/lib/armv7e-m/libc_nano.a(lib_a-nano-callocr.o) (memset)
/usr/bin/../lib/gcc/arm-none-eabi/5.4.1/../../../../arm-none-eabi/lib/armv7e-m/libc_nano.a(lib_a-mlock.o)
                              /usr/bin/../lib/gcc/arm-none-eabi/5.4.1/../../../../arm-none-eabi/lib/armv7e-m/libc_nano.a(lib_a-nano-freer.o) (__malloc_lock)
/usr/bin/../lib/gcc/arm-none-eabi/5.4.1/../../../../arm-none-eabi/lib/armv7e-m/libc_nano.a(lib_a-nano-msizer.o)
[...]
Memory Configuration

Name             Origin             Length             Attributes
FLASH            0x0000000008000000 0x0000000000100000 xr
CCM              0x0000000010000000 0x0000000000010000 rw
SRAM1            0x0000000020000000 0x000000000001c000 xrw
SRAM2            0x000000002001c000 0x0000000000004000 xrw
BACKUP           0x0000000040024000 0x0000000000001000 xrw
RAM              0x0000000020000000 0x0000000000020000 xrw
*default*        0x0000000000000000 0xffffffffffffffff

Linker script and memory map

LOAD build/main.o
LOAD build/libxpcc/src/libxpcc.a
LOAD /usr/bin/../lib/gcc/arm-none-eabi/5.4.1/../../../../arm-none-eabi/lib/armv7e-m/libstdc++_nano.a
LOAD /usr/bin/../lib/gcc/arm-none-eabi/5.4.1/../../../../arm-none-eabi/lib/armv7e-m/libm.a
START GROUP
LOAD /usr/bin/../lib/gcc/arm-none-eabi/5.4.1/armv7e-m/libgcc.a
LOAD /usr/bin/../lib/gcc/arm-none-eabi/5.4.1/../../../../arm-none-eabi/lib/armv7e-m/libc_nano.a
END GROUP
START GROUP
LOAD /usr/bin/../lib/gcc/arm-none-eabi/5.4.1/armv7e-m/libgcc.a
LOAD /usr/bin/../lib/gcc/arm-none-eabi/5.4.1/../../../../arm-none-eabi/lib/armv7e-m/libc_nano.a
END GROUP
                [!provide]                        PROVIDE (__ram_start, ORIGIN (RAM))
                [!provide]                        PROVIDE (__ram_end, (ORIGIN (RAM) + LENGTH (RAM)))
                [!provide]                        PROVIDE (__rom_start, ORIGIN (FLASH))
                [!provide]                        PROVIDE (__rom_end, (ORIGIN (FLASH) + LENGTH (FLASH)))
                0x0000000000000020                PROCESS_STACK_SIZE = 0x20
                0x0000000000000be0                MAIN_STACK_SIZE = 0xbe0
                0x0000000000000c00                TOTAL_STACK_SIZE = (MAIN_STACK_SIZE + PROCESS_STACK_SIZE)

.reset          0x0000000008000000      0x188
                0x0000000008000000                __vector_table_rom_start = .
                0x0000000008000000                __vector_table_ram_load = .
 *(.reset)
 .reset         0x0000000008000000      0x188 build/libxpcc/src/libxpcc.a(startup.o)
                0x0000000008000000                flashVectors
                0x0000000008000188                . = ALIGN (0x4)

.vectors        0x0000000020000000        0x0
                0x0000000020000000                __vector_table_ram_start = .
 *(.vectors)
                0x0000000020000000                . = ALIGN (0x4)
                0x0000000020000000                __vector_table_ram_end = .

.stack          0x0000000010000000      0xc00
                0x0000000010000000                __stack_start = .
                0x0000000010000be0                . = (. + MAIN_STACK_SIZE)
 *fill*         0x0000000010000000      0xbe0 
                0x0000000010000be0                . = ALIGN (0x8)
                0x0000000010000be0                __main_stack_top = .
                0x0000000010000c00                . = (. + PROCESS_STACK_SIZE)
 *fill*         0x0000000010000be0       0x20 
                0x0000000010000c00                . = ALIGN (0x8)
                0x0000000010000c00                __process_stack_top = .
                0x0000000010000c00                __stack_end = .

.fastdata       0x0000000010000c00        0xc load address 0x0000000008000188
                0x0000000008000188                __fastdata_load = LOADADDR (.fastdata)
                0x0000000010000c00                __fastdata_start = .
 *(.fastdata)
 .fastdata      0x0000000010000c00        0xc build/libxpcc/src/libxpcc.a(clock.o)
                0x0000000010000c00                xpcc::clock::ns_per_loop
                0x0000000010000c02                xpcc::clock::fcpu_MHz
                0x0000000010000c04                xpcc::clock::fcpu_kHz
                0x0000000010000c08                xpcc::clock::fcpu
                0x0000000010000c0c                . = ALIGN (0x4)
                0x0000000010000c0c                __fastdata_end = .

.heap0          0x0000000010000c0c     0xf3f4 load address 0x0000000008000194
                0x0000000010000c0c                __heap0_start = .
                0x0000000010010000                . = (ORIGIN (CCM) + LENGTH (CCM))
 *fill*         0x0000000010000c0c     0xf3f4 
                0x0000000010010000                __heap0_end = .

.backup         0x0000000040024000        0x0 load address 0x0000000008000194
                0x0000000008000194                __backup_load = LOADADDR (.backup)
                0x0000000040024000                __backup_start = .
 *(.backup)
                0x0000000040024000                . = ALIGN (0x4)
                0x0000000040024000                __backup_end = .

.heap5          0x0000000040024000     0x1000 load address 0x0000000008000194
                0x0000000040024000                __heap5_start = .
                0x0000000040025000                . = (ORIGIN (BACKUP) + LENGTH (BACKUP))
 *fill*         0x0000000040024000     0x1000 
                0x0000000040025000                __heap5_end = .

.text           0x00000000080001a0      0xaf8
 *(.text .text.* .gnu.linkonce.t.*)
 .text._ZN4xpcc15IODeviceWrapperINS_5stm326Usart2ELNS_8IOBufferE1EED2Ev
                0x00000000080001a0        0x2 build/main.o
                0x00000000080001a0                xpcc::IODeviceWrapper<xpcc::stm32::Usart2, (xpcc::IOBuffer)1>::~IODeviceWrapper()
                0x00000000080001a0                xpcc::IODeviceWrapper<xpcc::stm32::Usart2, (xpcc::IOBuffer)1>::~IODeviceWrapper()
 .text._ZN4xpcc15IODeviceWrapperINS_5stm326Usart2ELNS_8IOBufferE1EE5flushEv
                0x00000000080001a2        0x2 build/main.o
                0x00000000080001a2                xpcc::IODeviceWrapper<xpcc::stm32::Usart2, (xpcc::IOBuffer)1>::flush()
 .text._ZN4xpcc15IODeviceWrapperINS_5stm326Usart2ELNS_8IOBufferE1EE5writeEc
                0x00000000080001a4       0x14 build/main.o
                0x00000000080001a4                xpcc::IODeviceWrapper<xpcc::stm32::Usart2, (xpcc::IOBuffer)1>::write(char)
 .text._ZN4xpcc15IODeviceWrapperINS_5stm326Usart2ELNS_8IOBufferE1EE5writeEPKc
                0x00000000080001b8       0x1c build/main.o
                0x00000000080001b8                xpcc::IODeviceWrapper<xpcc::stm32::Usart2, (xpcc::IOBuffer)1>::write(char const*)
 .text._ZN4xpcc15IODeviceWrapperINS_5stm326Usart2ELNS_8IOBufferE1EED0Ev
                0x00000000080001d4       0x10 build/main.o
                0x00000000080001d4                xpcc::IODeviceWrapper<xpcc::stm32::Usart2, (xpcc::IOBuffer)1>::~IODeviceWrapper()
 .text._ZN4xpcc15IODeviceWrapperINS_5stm326Usart2ELNS_8IOBufferE1EE4readERc
                0x00000000080001e4        0xc build/main.o
                0x00000000080001e4                xpcc::IODeviceWrapper<xpcc::stm32::Usart2, (xpcc::IOBuffer)1>::read(char&)
 .text._ZN5Board11systemClock6enableEv
                0x00000000080001f0       0xa0 build/main.o
                0x00000000080001f0                Board::systemClock::enable()
 .text._ZN5Board10initializeEv
                0x0000000008000290       0xbc build/main.o
                0x0000000008000290                Board::initialize()
 .text.startup.main
                0x000000000800034c      0x1c4 build/main.o
                0x000000000800034c                main
 .text.startup._GLOBAL__sub_I_loggerDevice
                0x0000000008000510       0x5c build/main.o
 .text._ZN4xpcc8IOStreamC2ERNS_8IODeviceE
                0x000000000800056c        0x8 build/libxpcc/src/libxpcc.a(iostream.o)
                0x000000000800056c                xpcc::IOStream::IOStream(xpcc::IODevice&)
                0x000000000800056c                xpcc::IOStream::IOStream(xpcc::IODevice&)
 .text._ZN4xpcc8IOStream12writeIntegerEm
                0x0000000008000574       0x32 build/libxpcc/src/libxpcc.a(iostream.o)
                0x0000000008000574                xpcc::IOStream::writeInteger(unsigned long)
 .text._ZN4xpcc8IOStream14writeHexNibbleEh
                0x00000000080005a6       0x12 build/libxpcc/src/libxpcc.a(iostream.o)
                0x00000000080005a6                xpcc::IOStream::writeHexNibble(unsigned char)
 .text._ZN4xpcc8IOStream8writeHexEh
                0x00000000080005b8       0x20 build/libxpcc/src/libxpcc.a(iostream.o)
                0x00000000080005b8                xpcc::IOStream::writeHex(unsigned char)
 .text._ZN4xpcc8IOStream8writeHexEPKc
                0x00000000080005d8       0x1c build/libxpcc/src/libxpcc.a(iostream.o)
                0x00000000080005d8                xpcc::IOStream::writeHex(char const*)
 .text._ZN4xpcc8IOStream8writeBinEh
                0x00000000080005f4       0x26 build/libxpcc/src/libxpcc.a(iostream.o)
                0x00000000080005f4                xpcc::IOStream::writeBin(unsigned char)
 *fill*         0x000000000800061a        0x2 
 .text._ZN4xpcc8IOStream8writeBinEPKc
                0x000000000800061c       0x1c build/libxpcc/src/libxpcc.a(iostream.o)
                0x000000000800061c                xpcc::IOStream::writeBin(char const*)
 .text.__aeabi_atexit
                0x0000000008000638        0x4 build/libxpcc/src/libxpcc.a(cxxabi.o)
                0x0000000008000638                __aeabi_atexit
 .text._ZdlPv   0x000000000800063c        0x8 build/libxpcc/src/libxpcc.a(cxxabi.o)
                0x000000000800063c                operator delete(void*)
 .text.table_copy
                0x0000000008000644       0x20 build/libxpcc/src/libxpcc.a(startup.o)
 .text.defaultHandler
                0x0000000008000664        0x2 build/libxpcc/src/libxpcc.a(startup.o)
                0x0000000008000664                RTC_Alarm_IRQHandler
                0x0000000008000664                HASH_RNG_IRQHandler
                0x0000000008000664                EXTI2_IRQHandler
                0x0000000008000664                TIM8_CC_IRQHandler
                0x0000000008000664                DebugMon_Handler
                0x0000000008000664                TIM1_CC_IRQHandler
                0x0000000008000664                DMA2_Stream5_IRQHandler
                0x0000000008000664                DMA1_Stream5_IRQHandler
                0x0000000008000664                PVD_IRQHandler
                0x0000000008000664                SDIO_IRQHandler
                0x0000000008000664                TAMP_STAMP_IRQHandler
                0x0000000008000664                PendSV_Handler
                0x0000000008000664                NMI_Handler
                0x0000000008000664                CAN2_RX1_IRQHandler
                0x0000000008000664                EXTI3_IRQHandler
                0x0000000008000664                TIM8_TRG_COM_TIM14_IRQHandler
                0x0000000008000664                TIM1_UP_TIM10_IRQHandler
                0x0000000008000664                TIM8_UP_TIM13_IRQHandler
                0x0000000008000664                I2C3_ER_IRQHandler
                0x0000000008000664                EXTI0_IRQHandler
                0x0000000008000664                I2C2_EV_IRQHandler
                0x0000000008000664                DMA1_Stream2_IRQHandler
                0x0000000008000664                CAN1_RX0_IRQHandler
                0x0000000008000664                FPU_IRQHandler
                0x0000000008000664                OTG_HS_WKUP_IRQHandler
                0x0000000008000664                UsageFault_Handler
                0x0000000008000664                CAN2_SCE_IRQHandler
                0x0000000008000664                DMA2_Stream2_IRQHandler
                0x0000000008000664                SPI1_IRQHandler
                0x0000000008000664                TIM6_DAC_IRQHandler
                0x0000000008000664                TIM1_BRK_TIM9_IRQHandler
                0x0000000008000664                DCMI_IRQHandler
                0x0000000008000664                CAN2_RX0_IRQHandler
                0x0000000008000664                defaultHandler
                0x0000000008000664                DMA2_Stream3_IRQHandler
                0x0000000008000664                USART6_IRQHandler
                0x0000000008000664                USART3_IRQHandler
                0x0000000008000664                CAN1_RX1_IRQHandler
                0x0000000008000664                UART5_IRQHandler
                0x0000000008000664                DMA2_Stream0_IRQHandler
                0x0000000008000664                TIM4_IRQHandler
                0x0000000008000664                I2C1_EV_IRQHandler
                0x0000000008000664                DMA1_Stream6_IRQHandler
                0x0000000008000664                DMA1_Stream1_IRQHandler
                0x0000000008000664                UART4_IRQHandler
                0x0000000008000664                TIM3_IRQHandler
                0x0000000008000664                RCC_IRQHandler
                0x0000000008000664                TIM8_BRK_TIM12_IRQHandler
                0x0000000008000664                EXTI15_10_IRQHandler
                0x0000000008000664                ADC_IRQHandler
                0x0000000008000664                DMA1_Stream7_IRQHandler
                0x0000000008000664                TIM7_IRQHandler
                0x0000000008000664                CAN2_TX_IRQHandler
                0x0000000008000664                TIM5_IRQHandler
                0x0000000008000664                DMA2_Stream7_IRQHandler
                0x0000000008000664                I2C3_EV_IRQHandler
                0x0000000008000664                EXTI9_5_IRQHandler
                0x0000000008000664                RTC_WKUP_IRQHandler
                0x0000000008000664                ETH_WKUP_IRQHandler
                0x0000000008000664                SPI2_IRQHandler
                0x0000000008000664                OTG_HS_EP1_IN_IRQHandler
                0x0000000008000664                MemManage_Handler
                0x0000000008000664                DMA1_Stream0_IRQHandler
                0x0000000008000664                CAN1_TX_IRQHandler
                0x0000000008000664                SVC_Handler
                0x0000000008000664                EXTI4_IRQHandler
                0x0000000008000664                FSMC_IRQHandler
                0x0000000008000664                ETH_IRQHandler
                0x0000000008000664                OTG_HS_EP1_OUT_IRQHandler
                0x0000000008000664                WWDG_IRQHandler
                0x0000000008000664                TIM2_IRQHandler
                0x0000000008000664                OTG_FS_WKUP_IRQHandler
                0x0000000008000664                TIM1_TRG_COM_TIM11_IRQHandler
                0x0000000008000664                OTG_HS_IRQHandler
                0x0000000008000664                EXTI1_IRQHandler
                0x0000000008000664                I2C2_ER_IRQHandler
                0x0000000008000664                DMA2_Stream1_IRQHandler
                0x0000000008000664                CAN1_SCE_IRQHandler
                0x0000000008000664                FLASH_IRQHandler
                0x0000000008000664                DMA2_Stream4_IRQHandler
                0x0000000008000664                BusFault_Handler
                0x0000000008000664                USART1_IRQHandler
                0x0000000008000664                OTG_FS_IRQHandler
                0x0000000008000664                SPI3_IRQHandler
                0x0000000008000664                DMA1_Stream4_IRQHandler
                0x0000000008000664                I2C1_ER_IRQHandler
                0x0000000008000664                DMA2_Stream6_IRQHandler
                0x0000000008000664                DMA1_Stream3_IRQHandler
 .text.xpcc_hook_hardware_init
                0x0000000008000666        0x2 build/libxpcc/src/libxpcc.a(startup.o)
                0x0000000008000666                xpcc_hook_hardware_init
 .text.Reset_Handler
                0x0000000008000668      0x158 build/libxpcc/src/libxpcc.a(startup.o)
                0x0000000008000668                Reset_Handler
 .text          0x00000000080007c0        0x4 build/libxpcc/src/libxpcc.a(default_handler.o)
                0x00000000080007c0                _defaultHandler
                0x00000000080007c0                _init
                0x00000000080007c0                _fini
                0x00000000080007c2                exit
                0x00000000080007c2                _exit
 .text.__xpcc_initialize_memory
                0x00000000080007c4       0x2c build/libxpcc/src/libxpcc.a(heap_newlib.o)
                0x00000000080007c4                __xpcc_initialize_memory
 .text._sbrk_r  0x00000000080007f0       0x28 build/libxpcc/src/libxpcc.a(heap_newlib.o)
                0x00000000080007f0                _sbrk_r
 .text.__wrap__free_r
                0x0000000008000818        0x8 build/libxpcc/src/libxpcc.a(heap_newlib.o)
                0x0000000008000818                __wrap__free_r
 .text.SysTick_Handler
                0x0000000008000820       0x1c build/libxpcc/src/libxpcc.a(systick_timer.o)
                0x0000000008000820                SysTick_Handler
 .text._ZN4xpcc6cortex12SysTickTimer6enableEm
                0x000000000800083c       0x20 build/libxpcc/src/libxpcc.a(systick_timer.o)
                0x000000000800083c                xpcc::cortex::SysTickTimer::enable(unsigned long)
 *fill*         0x000000000800085c        0x4 
 .text          0x0000000008000860       0x60 build/libxpcc/src/libxpcc.a(hard_fault.o)
                0x0000000008000860                HardFault_Handler
 .text._ZN4xpcc5stm3212ClockControl15setFlashLatencyEmt
                0x00000000080008c0       0x6c build/libxpcc/src/libxpcc.a(latency.o)
                0x00000000080008c0                xpcc::stm32::ClockControl::setFlashLatency(unsigned long, unsigned short)
 .text._ZN4xpcc5stm3212ClockControl21enableExternalCrystalEm
                0x000000000800092c       0x28 build/libxpcc/src/libxpcc.a(clock.o)
                0x000000000800092c                xpcc::stm32::ClockControl::enableExternalCrystal(unsigned long)
 .text._ZN4xpcc5stm3212ClockControl9enablePllENS1_9PllSourceEhthhm
                0x0000000008000954       0x64 build/libxpcc/src/libxpcc.a(clock.o)
                0x0000000008000954                xpcc::stm32::ClockControl::enablePll(xpcc::stm32::ClockControl::PllSource, unsigned char, unsigned short, unsigned char, unsigned char, unsigned long)
 .text._ZN4xpcc5stm3212ClockControl17enableSystemClockENS1_17SystemClockSourceEm
                0x00000000080009b8       0x2c build/libxpcc/src/libxpcc.a(clock.o)
                0x00000000080009b8                xpcc::stm32::ClockControl::enableSystemClock(xpcc::stm32::ClockControl::SystemClockSource, unsigned long)
 .text._ZN4xpcc5stm326Usart218initializeBufferedEm
                0x00000000080009e4       0x24 build/libxpcc/src/libxpcc.a(uart_2.o)
                0x00000000080009e4                xpcc::stm32::Usart2::initializeBuffered(unsigned long)
 .text._ZN4xpcc5stm326Usart25writeEh
                0x0000000008000a08       0x58 build/libxpcc/src/libxpcc.a(uart_2.o)
                0x0000000008000a08                xpcc::stm32::Usart2::write(unsigned char)
 .text._ZN4xpcc5stm326Usart24readERh
                0x0000000008000a60       0x2c build/libxpcc/src/libxpcc.a(uart_2.o)
                0x0000000008000a60                xpcc::stm32::Usart2::read(unsigned char&)
 .text.USART2_IRQHandler
                0x0000000008000a8c       0x64 build/libxpcc/src/libxpcc.a(uart_2.o)
                0x0000000008000a8c                USART2_IRQHandler
 .text.startup._GLOBAL__sub_I__ZN4xpcc5stm326Usart218initializeBufferedEm
                0x0000000008000af0       0x18 build/libxpcc/src/libxpcc.a(uart_2.o)
 .text.xpcc_gpio_enable
                0x0000000008000b08       0x20 build/libxpcc/src/libxpcc.a(gpio_enable.o)
                0x0000000008000b08                xpcc_gpio_enable
 .text.xpcc_heap_table_find_largest
                0x0000000008000b28       0x48 build/libxpcc/src/libxpcc.a(heap_table.o)
                0x0000000008000b28                xpcc_heap_table_find_largest
 .text._initHardFaultHandlerLed
                0x0000000008000b70       0x14 build/libxpcc/src/libxpcc.a(hard_fault_handler.o)
                0x0000000008000b70                _initHardFaultHandlerLed
 .text._toggleHardFaultHandlerLed
                0x0000000008000b84       0x18 build/libxpcc/src/libxpcc.a(hard_fault_handler.o)
                0x0000000008000b84                _toggleHardFaultHandlerLed
 .text.__libc_init_array
                0x0000000008000b9c       0x4c /usr/bin/../lib/gcc/arm-none-eabi/5.4.1/../../../../arm-none-eabi/lib/armv7e-m/libc_nano.a(lib_a-init.o)
                0x0000000008000b9c                __libc_init_array
 .text.free     0x0000000008000be8       0x10 /usr/bin/../lib/gcc/arm-none-eabi/5.4.1/../../../../arm-none-eabi/lib/armv7e-m/libc_nano.a(lib_a-malloc.o)
                0x0000000008000be8                free
 .text._free_r  0x0000000008000bf8       0x9c /usr/bin/../lib/gcc/arm-none-eabi/5.4.1/../../../../arm-none-eabi/lib/armv7e-m/libc_nano.a(lib_a-nano-freer.o)
                0x0000000008000bf8                _free_r
 .text.__malloc_lock
                0x0000000008000c94        0x2 /usr/bin/../lib/gcc/arm-none-eabi/5.4.1/../../../../arm-none-eabi/lib/armv7e-m/libc_nano.a(lib_a-mlock.o)
                0x0000000008000c94                __malloc_lock
 .text.__malloc_unlock
                0x0000000008000c96        0x2 /usr/bin/../lib/gcc/arm-none-eabi/5.4.1/../../../../arm-none-eabi/lib/armv7e-m/libc_nano.a(lib_a-mlock.o)
                0x0000000008000c96                __malloc_unlock

.glue_7         0x0000000008000c98        0x0
 .glue_7        0x0000000008000c98        0x0 linker stubs

.glue_7t        0x0000000008000c98        0x0
 .glue_7t       0x0000000008000c98        0x0 linker stubs

.vfp11_veneer   0x0000000008000c98        0x0
 .vfp11_veneer  0x0000000008000c98        0x0 linker stubs

.v4_bx          0x0000000008000c98        0x0
 .v4_bx         0x0000000008000c98        0x0 linker stubs

.iplt           0x0000000008000c98        0x0
 .iplt          0x0000000008000c98        0x0 build/main.o

.rodata         0x0000000008000c98       0xac
 *(.rodata .rodata.* .gnu.linkonce.r.*)
 .rodata._ZTVN4xpcc15IODeviceWrapperINS_5stm326Usart2ELNS_8IOBufferE1EEE
                0x0000000008000c98       0x20 build/main.o
                0x0000000008000c98                vtable for xpcc::IODeviceWrapper<xpcc::stm32::Usart2, (xpcc::IOBuffer)1>
 .rodata.str1.1
                0x0000000008000cb8        0xf build/main.o
 *fill*         0x0000000008000cc7        0x1 
 .rodata._ZL18flash_latency_2400
                0x0000000008000cc8       0x20 build/libxpcc/src/libxpcc.a(latency.o)
 .rodata._ZL18flash_latency_2700
                0x0000000008000ce8       0x1c build/libxpcc/src/libxpcc.a(latency.o)
 .rodata._ZL18flash_latency_2100
                0x0000000008000d04       0x20 build/libxpcc/src/libxpcc.a(latency.o)
 .rodata._ZL18flash_latency_3600
                0x0000000008000d24       0x18 build/libxpcc/src/libxpcc.a(latency.o)
                0x0000000008000d3c                . = ALIGN (0x4)
 *(.init)
                0x0000000008000d3c                . = ALIGN (0x4)
                0x0000000008000d3c                PROVIDE (__preinit_array_start, .)
 *(.preinit_array)
                0x0000000008000d3c                PROVIDE (__preinit_array_end, .)
                0x0000000008000d3c                . = ALIGN (0x4)
                0x0000000008000d3c                PROVIDE (__init_array_start, .)
 *(SORT(.init_array.*))
 *(.init_array)
 .init_array    0x0000000008000d3c        0x4 build/main.o
 .init_array    0x0000000008000d40        0x4 build/libxpcc/src/libxpcc.a(uart_2.o)
                0x0000000008000d44                PROVIDE (__init_array_end, .)
                0x0000000008000d44                . = ALIGN (0x4)
 *(.fini)
                0x0000000008000d44                . = ALIGN (0x4)
                [!provide]                        PROVIDE (__fini_array_start, .)
 *(.fini_array)
 *(SORT(.fini_array.*))
                [!provide]                        PROVIDE (__fini_array_end, .)
                [!provide]                        PROVIDE (__ctors_start__, .)
 *crtbegin.o(.ctors)
 *(EXCLUDE_FILE(*crtend.o) .ctors)
 *(SORT(.ctors.*))
 *crtend.o(.ctors)
                [!provide]                        PROVIDE (__ctors_end__, .)
 *(.init .init.*)
 *(.fini .fini.*)

.fastcode       0x0000000008000d44       0x54
 *(.fastcode)
 .fastcode      0x0000000008000d44       0x54 build/libxpcc/src/libxpcc.a(delay.o)
                0x0000000008000d44                _delay_ns
                0x0000000008000d58                _delay_us
                0x0000000008000d78                _delay_ms

.rel.dyn        0x0000000008000d98        0x0
 .rel.iplt      0x0000000008000d98        0x0 build/main.o

.data           0x0000000020000000       0x68 load address 0x0000000008000d98
                0x0000000008000d98                __data_load = LOADADDR (.data)
                0x0000000020000000                __data_start = .
 *(.data .data.* .gnu.linkonce.d.*)
 .data.__dso_handle
                0x0000000020000000        0x4 build/libxpcc/src/libxpcc.a(cxxabi.o)
                0x0000000020000000                __dso_handle
 .data.impure_data
                0x0000000020000004       0x60 /usr/bin/../lib/gcc/arm-none-eabi/5.4.1/../../../../arm-none-eabi/lib/armv7e-m/libc_nano.a(lib_a-impure.o)
 .data._impure_ptr
                0x0000000020000064        0x4 /usr/bin/../lib/gcc/arm-none-eabi/5.4.1/../../../../arm-none-eabi/lib/armv7e-m/libc_nano.a(lib_a-impure.o)
                0x0000000020000064                _impure_ptr
                0x0000000020000068                . = ALIGN (0x4)
                0x0000000020000068                __data_end = .

.igot.plt       0x0000000020000068        0x0 load address 0x0000000008000e00
 .igot.plt      0x0000000020000068        0x0 build/main.o

.bss            0x0000000020000068      0x14c load address 0x0000000008000e00
                0x0000000020000068                __bss_start = .
 *(.bss .bss.* .gnu.linkonce.b.*)
 .bss._ZN4xpcc3log5errorE
                0x0000000020000068        0x8 build/main.o
                0x0000000020000068                xpcc::log::error
 .bss._ZN4xpcc3log4infoE
                0x0000000020000070        0x8 build/main.o
                0x0000000020000070                xpcc::log::info
 .bss._ZN4xpcc3log7warningE
                0x0000000020000078        0x8 build/main.o
                0x0000000020000078                xpcc::log::warning
 .bss._ZZ4mainE7counter
                0x0000000020000080        0x4 build/main.o
 .bss.loggerDevice
                0x0000000020000084        0x4 build/main.o
                0x0000000020000084                loggerDevice
 .bss._ZN4xpcc3log5debugE
                0x0000000020000088        0x8 build/main.o
                0x0000000020000088                xpcc::log::debug
 .bss.__brkval  0x0000000020000090        0x4 build/libxpcc/src/libxpcc.a(heap_newlib.o)
                0x0000000020000090                __brkval
 .bss.heap_end  0x0000000020000094        0x4 build/libxpcc/src/libxpcc.a(heap_newlib.o)
                0x0000000020000094                heap_end
 .bss._ZL14sysTickHandler
                0x0000000020000098        0x4 build/libxpcc/src/libxpcc.a(systick_timer.o)
 .bss._ZN12_GLOBAL__N_1L8txBufferE
                0x000000002000009c       0xfd build/libxpcc/src/libxpcc.a(uart_2.o)
 .bss._ZN12_GLOBAL__N_1L8rxBufferE
                0x0000000020000199       0x13 build/libxpcc/src/libxpcc.a(uart_2.o)
 .bss._ZN4xpcc5Clock4timeE
                0x00000000200001ac        0x4 build/libxpcc/src/libxpcc.a(clock.o)
                0x00000000200001ac                xpcc::Clock::time
 .bss.__malloc_free_list
                0x00000000200001b0        0x4 /usr/bin/../lib/gcc/arm-none-eabi/5.4.1/../../../../arm-none-eabi/lib/armv7e-m/libc_nano.a(lib_a-nano-mallocr.o)
                0x00000000200001b0                __malloc_free_list
                0x00000000200001b4                . = ALIGN (0x4)
                0x00000000200001b4                __bss_end = .

.noinit         0x00000000200001b4        0x0 load address 0x0000000008000e00
                0x00000000200001b4                __noinit_start = .
 *(.noinit*)
                0x00000000200001b4                . = ALIGN (0x4)
                0x00000000200001b4                __noinit_end = .

.heap1          0x00000000200001b4    0x1be4c load address 0x0000000008000e00
                0x00000000200001b4                __heap1_start = .
                0x000000002001c000                . = (ORIGIN (SRAM1) + LENGTH (SRAM1))
 *fill*         0x00000000200001b4    0x1be4c 
                0x000000002001c000                __heap1_end = .

.heap2          0x000000002001c000     0x4000 load address 0x0000000008000e00
                0x000000002001c000                __heap2_start = .
                0x0000000020020000                . = (ORIGIN (SRAM2) + LENGTH (SRAM2))
 *fill*         0x000000002001c000     0x4000 
                0x0000000020020000                __heap2_end = .

.table.zero.intern
                0x0000000008000e00        0x8
                0x0000000008000e00                __table_zero_intern_start = .
                0x0000000008000e00        0x4 LONG 0x20000068 __bss_start
                0x0000000008000e04        0x4 LONG 0x200001b4 __bss_end
                0x0000000008000e08                __table_zero_intern_end = .

.table.copy.intern
                0x0000000008000e08       0x24
                0x0000000008000e08                __table_copy_intern_start = .
                0x0000000008000e08        0x4 LONG 0x8000d98 __data_load
                0x0000000008000e0c        0x4 LONG 0x20000000 __data_start
                0x0000000008000e10        0x4 LONG 0x20000068 __data_end
                0x0000000008000e14        0x4 LONG 0x8000188 __fastdata_load
                0x0000000008000e18        0x4 LONG 0x10000c00 __fastdata_start
                0x0000000008000e1c        0x4 LONG 0x10000c0c __fastdata_end
                0x0000000008000e20        0x4 LONG 0x8000194 __backup_load
                0x0000000008000e24        0x4 LONG 0x40024000 __backup_start
                0x0000000008000e28        0x4 LONG 0x40024000 __backup_end
                0x0000000008000e2c                __table_copy_intern_end = .

.table.zero.extern
                0x0000000008000e2c        0x0
                0x0000000008000e2c                __table_zero_extern_start = .
                0x0000000008000e2c                __table_zero_extern_end = .

.table.copy.extern
                0x0000000008000e2c        0x0
                0x0000000008000e2c                __table_copy_extern_start = .
                0x0000000008000e2c                __table_copy_extern_end = .

.table.section_heap
                0x0000000008000e2c       0x30
                0x0000000008000e2c                __table_heap_start = .
                0x0000000008000e2c        0x4 LONG 0x1f
                0x0000000008000e30        0x4 LONG 0x200001b4 __heap1_start
                0x0000000008000e34        0x4 LONG 0x2001c000 __heap1_end
                0x0000000008000e38        0x4 LONG 0x4009
                0x0000000008000e3c        0x4 LONG 0x40024000 __heap5_start
                0x0000000008000e40        0x4 LONG 0x40025000 __heap5_end
                0x0000000008000e44        0x4 LONG 0x19
                0x0000000008000e48        0x4 LONG 0x2001c000 __heap2_start
                0x0000000008000e4c        0x4 LONG 0x20020000 __heap2_end
                0x0000000008000e50        0x4 LONG 0x2002
                0x0000000008000e54        0x4 LONG 0x10000c0c __heap0_start
                0x0000000008000e58        0x4 LONG 0x10010000 __heap0_end
                0x0000000008000e5c                __table_heap_end = .

.stab
 *(.stab)

.stabstr
 *(.stabstr)

.stab.excl
 *(.stab.excl)

.stab.exclstr
 *(.stab.exclstr)

.stab.index
 *(.stab.index)

.stab.indexstr
 *(.stab.indexstr)

.comment        0x0000000000000000       0x6e
 *(.comment)
 .comment       0x0000000000000000       0x6e build/main.o
                                         0x6f (size before relaxing)
 .comment       0x000000000000006e       0x6f build/libxpcc/src/libxpcc.a(iostream.o)
 .comment       0x000000000000006e       0x6f build/libxpcc/src/libxpcc.a(cxxabi.o)
 .comment       0x000000000000006e       0x6f build/libxpcc/src/libxpcc.a(startup.o)
 .comment       0x000000000000006e       0x6f build/libxpcc/src/libxpcc.a(heap_newlib.o)
 .comment       0x000000000000006e       0x6f build/libxpcc/src/libxpcc.a(delay.o)
 .comment       0x000000000000006e       0x6f build/libxpcc/src/libxpcc.a(systick_timer.o)
 .comment       0x000000000000006e       0x6f build/libxpcc/src/libxpcc.a(latency.o)
 .comment       0x000000000000006e       0x6f build/libxpcc/src/libxpcc.a(clock.o)
 .comment       0x000000000000006e       0x6f build/libxpcc/src/libxpcc.a(uart_2.o)
 .comment       0x000000000000006e       0x6f build/libxpcc/src/libxpcc.a(gpio_enable.o)
 .comment       0x000000000000006e       0x6f build/libxpcc/src/libxpcc.a(clock.o)
 .comment       0x000000000000006e       0x6f build/libxpcc/src/libxpcc.a(heap_table.o)
 .comment       0x000000000000006e       0x6f build/libxpcc/src/libxpcc.a(hard_fault_handler.o)

.debug
 *(.debug)

.line
 *(.line)

.debug_srcinfo
 *(.debug_srcinfo)

.debug_sfnames
 *(.debug_sfnames)

.debug_aranges  0x0000000000000000      0x408
 *(.debug_aranges)
 .debug_aranges
                0x0000000000000000       0x68 build/main.o
 .debug_aranges
                0x0000000000000068       0x88 build/libxpcc/src/libxpcc.a(iostream.o)
 .debug_aranges
                0x00000000000000f0       0x58 build/libxpcc/src/libxpcc.a(cxxabi.o)
 .debug_aranges
                0x0000000000000148       0x38 build/libxpcc/src/libxpcc.a(startup.o)
 .debug_aranges
                0x0000000000000180       0x20 build/libxpcc/src/libxpcc.a(default_handler.o)
 .debug_aranges
                0x00000000000001a0       0x50 build/libxpcc/src/libxpcc.a(heap_newlib.o)
 .debug_aranges
                0x00000000000001f0       0x30 build/libxpcc/src/libxpcc.a(delay.o)
 .debug_aranges
                0x0000000000000220       0x40 build/libxpcc/src/libxpcc.a(systick_timer.o)
 .debug_aranges
                0x0000000000000260       0x20 build/libxpcc/src/libxpcc.a(hard_fault.o)
 .debug_aranges
                0x0000000000000280       0x20 build/libxpcc/src/libxpcc.a(latency.o)
 .debug_aranges
                0x00000000000002a0       0x58 build/libxpcc/src/libxpcc.a(clock.o)
 .debug_aranges
                0x00000000000002f8       0x80 build/libxpcc/src/libxpcc.a(uart_2.o)
 .debug_aranges
                0x0000000000000378       0x20 build/libxpcc/src/libxpcc.a(gpio_enable.o)
 .debug_aranges
                0x0000000000000398       0x28 build/libxpcc/src/libxpcc.a(clock.o)
 .debug_aranges
                0x00000000000003c0       0x20 build/libxpcc/src/libxpcc.a(heap_table.o)
 .debug_aranges
                0x00000000000003e0       0x28 build/libxpcc/src/libxpcc.a(hard_fault_handler.o)

.debug_pubnames
 *(.debug_pubnames)

.debug_info     0x0000000000000000    0x19f96
 *(.debug_info .gnu.linkonce.wi.*)
 .debug_info    0x0000000000000000     0xb827 build/main.o
 .debug_info    0x000000000000b827     0x133c build/libxpcc/src/libxpcc.a(iostream.o)
 .debug_info    0x000000000000cb63     0x1202 build/libxpcc/src/libxpcc.a(cxxabi.o)
 .debug_info    0x000000000000dd65      0xabe build/libxpcc/src/libxpcc.a(startup.o)
 .debug_info    0x000000000000e823       0xaa build/libxpcc/src/libxpcc.a(default_handler.o)
 .debug_info    0x000000000000e8cd      0xbe5 build/libxpcc/src/libxpcc.a(heap_newlib.o)
 .debug_info    0x000000000000f4b2      0x34f build/libxpcc/src/libxpcc.a(delay.o)
 .debug_info    0x000000000000f801     0x21ab build/libxpcc/src/libxpcc.a(systick_timer.o)
 .debug_info    0x00000000000119ac       0xa5 build/libxpcc/src/libxpcc.a(hard_fault.o)
 .debug_info    0x0000000000011a51      0x8e9 build/libxpcc/src/libxpcc.a(latency.o)
 .debug_info    0x000000000001233a      0xb6b build/libxpcc/src/libxpcc.a(clock.o)
 .debug_info    0x0000000000012ea5     0x4465 build/libxpcc/src/libxpcc.a(uart_2.o)
 .debug_info    0x000000000001730a      0x2bc build/libxpcc/src/libxpcc.a(gpio_enable.o)
 .debug_info    0x00000000000175c6      0x694 build/libxpcc/src/libxpcc.a(clock.o)
 .debug_info    0x0000000000017c5a      0x18c build/libxpcc/src/libxpcc.a(heap_table.o)
 .debug_info    0x0000000000017de6     0x21b0 build/libxpcc/src/libxpcc.a(hard_fault_handler.o)

.debug_abbrev   0x0000000000000000     0x34e3
 *(.debug_abbrev)
 .debug_abbrev  0x0000000000000000      0xc63 build/main.o
 .debug_abbrev  0x0000000000000c63      0x45e build/libxpcc/src/libxpcc.a(iostream.o)
 .debug_abbrev  0x00000000000010c1      0x3a9 build/libxpcc/src/libxpcc.a(cxxabi.o)
 .debug_abbrev  0x000000000000146a      0x241 build/libxpcc/src/libxpcc.a(startup.o)
 .debug_abbrev  0x00000000000016ab       0x14 build/libxpcc/src/libxpcc.a(default_handler.o)
 .debug_abbrev  0x00000000000016bf      0x227 build/libxpcc/src/libxpcc.a(heap_newlib.o)
 .debug_abbrev  0x00000000000018e6      0x107 build/libxpcc/src/libxpcc.a(delay.o)
 .debug_abbrev  0x00000000000019ed      0x5be build/libxpcc/src/libxpcc.a(systick_timer.o)
 .debug_abbrev  0x0000000000001fab       0x14 build/libxpcc/src/libxpcc.a(hard_fault.o)
 .debug_abbrev  0x0000000000001fbf      0x202 build/libxpcc/src/libxpcc.a(latency.o)
 .debug_abbrev  0x00000000000021c1      0x1f9 build/libxpcc/src/libxpcc.a(clock.o)
 .debug_abbrev  0x00000000000023ba      0x786 build/libxpcc/src/libxpcc.a(uart_2.o)
 .debug_abbrev  0x0000000000002b40       0xb4 build/libxpcc/src/libxpcc.a(gpio_enable.o)
 .debug_abbrev  0x0000000000002bf4      0x1f8 build/libxpcc/src/libxpcc.a(clock.o)
 .debug_abbrev  0x0000000000002dec       0xf9 build/libxpcc/src/libxpcc.a(heap_table.o)
 .debug_abbrev  0x0000000000002ee5      0x5fe build/libxpcc/src/libxpcc.a(hard_fault_handler.o)

.debug_line     0x0000000000000000     0x4007
 *(.debug_line)
 .debug_line    0x0000000000000000     0x10e1 build/main.o
 .debug_line    0x00000000000010e1      0x47b build/libxpcc/src/libxpcc.a(iostream.o)
 .debug_line    0x000000000000155c      0x2da build/libxpcc/src/libxpcc.a(cxxabi.o)
 .debug_line    0x0000000000001836      0x215 build/libxpcc/src/libxpcc.a(startup.o)
 .debug_line    0x0000000000001a4b       0x79 build/libxpcc/src/libxpcc.a(default_handler.o)
 .debug_line    0x0000000000001ac4      0x1c1 build/libxpcc/src/libxpcc.a(heap_newlib.o)
 .debug_line    0x0000000000001c85      0x191 build/libxpcc/src/libxpcc.a(delay.o)
 .debug_line    0x0000000000001e16      0x5e4 build/libxpcc/src/libxpcc.a(systick_timer.o)
 .debug_line    0x00000000000023fa       0x9e build/libxpcc/src/libxpcc.a(hard_fault.o)
 .debug_line    0x0000000000002498      0x20b build/libxpcc/src/libxpcc.a(latency.o)
 .debug_line    0x00000000000026a3      0x2b2 build/libxpcc/src/libxpcc.a(clock.o)
 .debug_line    0x0000000000002955      0x964 build/libxpcc/src/libxpcc.a(uart_2.o)
 .debug_line    0x00000000000032b9      0x18c build/libxpcc/src/libxpcc.a(gpio_enable.o)
 .debug_line    0x0000000000003445      0x38a build/libxpcc/src/libxpcc.a(clock.o)
 .debug_line    0x00000000000037cf      0x12a build/libxpcc/src/libxpcc.a(heap_table.o)
 .debug_line    0x00000000000038f9      0x70e build/libxpcc/src/libxpcc.a(hard_fault_handler.o)

.debug_frame    0x0000000000000000      0x9bc
 *(.debug_frame)
 .debug_frame   0x0000000000000000      0x100 build/main.o
 .debug_frame   0x0000000000000100      0x1b8 build/libxpcc/src/libxpcc.a(iostream.o)
 .debug_frame   0x00000000000002b8       0xc0 build/libxpcc/src/libxpcc.a(cxxabi.o)
 .debug_frame   0x0000000000000378       0x60 build/libxpcc/src/libxpcc.a(startup.o)
 .debug_frame   0x00000000000003d8       0x90 build/libxpcc/src/libxpcc.a(heap_newlib.o)
 .debug_frame   0x0000000000000468       0x40 build/libxpcc/src/libxpcc.a(delay.o)
 .debug_frame   0x00000000000004a8       0x60 build/libxpcc/src/libxpcc.a(systick_timer.o)
 .debug_frame   0x0000000000000508       0x28 build/libxpcc/src/libxpcc.a(latency.o)
 .debug_frame   0x0000000000000530       0xa0 build/libxpcc/src/libxpcc.a(clock.o)
 .debug_frame   0x00000000000005d0      0x11c build/libxpcc/src/libxpcc.a(uart_2.o)
 .debug_frame   0x00000000000006ec       0x20 build/libxpcc/src/libxpcc.a(gpio_enable.o)
 .debug_frame   0x000000000000070c       0x30 build/libxpcc/src/libxpcc.a(clock.o)
 .debug_frame   0x000000000000073c       0x30 build/libxpcc/src/libxpcc.a(heap_table.o)
 .debug_frame   0x000000000000076c       0x30 build/libxpcc/src/libxpcc.a(hard_fault_handler.o)
 .debug_frame   0x000000000000079c       0x2c /usr/bin/../lib/gcc/arm-none-eabi/5.4.1/armv7e-m/libgcc.a(_aeabi_uldivmod.o)
 .debug_frame   0x00000000000007c8       0x34 /usr/bin/../lib/gcc/arm-none-eabi/5.4.1/armv7e-m/libgcc.a(_udivmoddi4.o)
 .debug_frame   0x00000000000007fc       0x2c /usr/bin/../lib/gcc/arm-none-eabi/5.4.1/../../../../arm-none-eabi/lib/armv7e-m/libc_nano.a(lib_a-init.o)
 .debug_frame   0x0000000000000828       0x30 /usr/bin/../lib/gcc/arm-none-eabi/5.4.1/../../../../arm-none-eabi/lib/armv7e-m/libc_nano.a(lib_a-malloc.o)
 .debug_frame   0x0000000000000858       0x2c /usr/bin/../lib/gcc/arm-none-eabi/5.4.1/../../../../arm-none-eabi/lib/armv7e-m/libc_nano.a(lib_a-nano-callocr.o)
 .debug_frame   0x0000000000000884       0x38 /usr/bin/../lib/gcc/arm-none-eabi/5.4.1/../../../../arm-none-eabi/lib/armv7e-m/libc_nano.a(lib_a-nano-freer.o)
 .debug_frame   0x00000000000008bc       0x2c /usr/bin/../lib/gcc/arm-none-eabi/5.4.1/../../../../arm-none-eabi/lib/armv7e-m/libc_nano.a(lib_a-nano-mallocr.o)
 .debug_frame   0x00000000000008e8       0x3c /usr/bin/../lib/gcc/arm-none-eabi/5.4.1/../../../../arm-none-eabi/lib/armv7e-m/libc_nano.a(lib_a-nano-reallocr.o)
 .debug_frame   0x0000000000000924       0x28 /usr/bin/../lib/gcc/arm-none-eabi/5.4.1/../../../../arm-none-eabi/lib/armv7e-m/libc_nano.a(lib_a-memcpy-stub.o)
 .debug_frame   0x000000000000094c       0x20 /usr/bin/../lib/gcc/arm-none-eabi/5.4.1/../../../../arm-none-eabi/lib/armv7e-m/libc_nano.a(lib_a-memset.o)
 .debug_frame   0x000000000000096c       0x30 /usr/bin/../lib/gcc/arm-none-eabi/5.4.1/../../../../arm-none-eabi/lib/armv7e-m/libc_nano.a(lib_a-mlock.o)
 .debug_frame   0x000000000000099c       0x20 /usr/bin/../lib/gcc/arm-none-eabi/5.4.1/../../../../arm-none-eabi/lib/armv7e-m/libc_nano.a(lib_a-nano-msizer.o)

.debug_str      0x0000000000000000    0x118af
 *(.debug_str)
 .debug_str     0x0000000000000000     0xf298 build/main.o
                                       0xf714 (size before relaxing)
 .debug_str     0x000000000000f298      0x2fa build/libxpcc/src/libxpcc.a(iostream.o)
                                        0xd01 (size before relaxing)
 .debug_str     0x000000000000f592      0x101 build/libxpcc/src/libxpcc.a(cxxabi.o)
                                       0x1484 (size before relaxing)
 .debug_str     0x000000000000f693      0x4ba build/libxpcc/src/libxpcc.a(startup.o)
                                        0x6df (size before relaxing)
 .debug_str     0x000000000000fb4d      0x459 build/libxpcc/src/libxpcc.a(heap_newlib.o)
                                        0x738 (size before relaxing)
 .debug_str     0x000000000000ffa6       0x6c build/libxpcc/src/libxpcc.a(delay.o)
                                        0x491 (size before relaxing)
 .debug_str     0x0000000000010012      0x3a1 build/libxpcc/src/libxpcc.a(systick_timer.o)
                                       0x226b (size before relaxing)
 .debug_str     0x00000000000103b3      0x213 build/libxpcc/src/libxpcc.a(latency.o)
                                        0xd50 (size before relaxing)
 .debug_str     0x00000000000105c6       0x6b build/libxpcc/src/libxpcc.a(clock.o)
                                        0xe02 (size before relaxing)
 .debug_str     0x0000000000010631      0x5bc build/libxpcc/src/libxpcc.a(uart_2.o)
                                       0x49a8 (size before relaxing)
 .debug_str     0x0000000000010bed       0x54 build/libxpcc/src/libxpcc.a(gpio_enable.o)
                                        0x43b (size before relaxing)
 .debug_str     0x0000000000010c41      0x319 build/libxpcc/src/libxpcc.a(clock.o)
                                        0x90e (size before relaxing)
 .debug_str     0x0000000000010f5a       0xa7 build/libxpcc/src/libxpcc.a(heap_table.o)
                                        0x33a (size before relaxing)
 .debug_str     0x0000000000011001      0x8ae build/libxpcc/src/libxpcc.a(hard_fault_handler.o)
                                       0x2a69 (size before relaxing)

.debug_loc      0x0000000000000000     0x1fc1
 *(.debug_loc)
 .debug_loc     0x0000000000000000      0x4b1 build/main.o
 .debug_loc     0x00000000000004b1      0x896 build/libxpcc/src/libxpcc.a(iostream.o)
 .debug_loc     0x0000000000000d47       0x97 build/libxpcc/src/libxpcc.a(cxxabi.o)
 .debug_loc     0x0000000000000dde      0x191 build/libxpcc/src/libxpcc.a(startup.o)
 .debug_loc     0x0000000000000f6f      0x21a build/libxpcc/src/libxpcc.a(heap_newlib.o)
 .debug_loc     0x0000000000001189       0x8e build/libxpcc/src/libxpcc.a(delay.o)
 .debug_loc     0x0000000000001217       0xc7 build/libxpcc/src/libxpcc.a(systick_timer.o)
 .debug_loc     0x00000000000012de      0x163 build/libxpcc/src/libxpcc.a(latency.o)
 .debug_loc     0x0000000000001441      0x475 build/libxpcc/src/libxpcc.a(clock.o)
 .debug_loc     0x00000000000018b6      0x622 build/libxpcc/src/libxpcc.a(uart_2.o)
 .debug_loc     0x0000000000001ed8       0x50 build/libxpcc/src/libxpcc.a(clock.o)
 .debug_loc     0x0000000000001f28       0x99 build/libxpcc/src/libxpcc.a(heap_table.o)

.debug_macinfo
 *(.debug_macinfo)

.debug_weaknames
 *(.debug_weaknames)

.debug_funcnames
 *(.debug_funcnames)

.debug_typenames
 *(.debug_typenames)

.debug_varnames
 *(.debug_varnames)
 *(.debug_varnames)

.note.gnu.arm.ident
 *(.note.gnu.arm.ident)

.ARM.attributes
                0x0000000000000000       0x35
 *(.ARM.attributes)
 .ARM.attributes
                0x0000000000000000       0x37 build/main.o
 .ARM.attributes
                0x0000000000000037       0x37 build/libxpcc/src/libxpcc.a(iostream.o)
 .ARM.attributes
                0x000000000000006e       0x37 build/libxpcc/src/libxpcc.a(cxxabi.o)
 .ARM.attributes
                0x00000000000000a5       0x37 build/libxpcc/src/libxpcc.a(startup.o)
 .ARM.attributes
                0x00000000000000dc       0x25 build/libxpcc/src/libxpcc.a(default_handler.o)
 .ARM.attributes
                0x0000000000000101       0x37 build/libxpcc/src/libxpcc.a(heap_newlib.o)
 .ARM.attributes
                0x0000000000000138       0x37 build/libxpcc/src/libxpcc.a(delay.o)
 .ARM.attributes
                0x000000000000016f       0x37 build/libxpcc/src/libxpcc.a(systick_timer.o)
 .ARM.attributes
                0x00000000000001a6       0x25 build/libxpcc/src/libxpcc.a(hard_fault.o)
 .ARM.attributes
                0x00000000000001cb       0x37 build/libxpcc/src/libxpcc.a(latency.o)
 .ARM.attributes
                0x0000000000000202       0x37 build/libxpcc/src/libxpcc.a(clock.o)
 .ARM.attributes
                0x0000000000000239       0x37 build/libxpcc/src/libxpcc.a(uart_2.o)
 .ARM.attributes
                0x0000000000000270       0x37 build/libxpcc/src/libxpcc.a(gpio_enable.o)
 .ARM.attributes
                0x00000000000002a7       0x37 build/libxpcc/src/libxpcc.a(clock.o)
 .ARM.attributes
                0x00000000000002de       0x37 build/libxpcc/src/libxpcc.a(heap_table.o)
 .ARM.attributes
                0x0000000000000315       0x37 build/libxpcc/src/libxpcc.a(hard_fault_handler.o)
 .ARM.attributes
                0x000000000000034c       0x1e /usr/bin/../lib/gcc/arm-none-eabi/5.4.1/armv7e-m/libgcc.a(_aeabi_uldivmod.o)
 .ARM.attributes
                0x000000000000036a       0x2e /usr/bin/../lib/gcc/arm-none-eabi/5.4.1/armv7e-m/libgcc.a(_udivmoddi4.o)
 .ARM.attributes
                0x0000000000000398       0x1e /usr/bin/../lib/gcc/arm-none-eabi/5.4.1/armv7e-m/libgcc.a(_dvmd_tls.o)
 .ARM.attributes
                0x00000000000003b6       0x2e /usr/bin/../lib/gcc/arm-none-eabi/5.4.1/../../../../arm-none-eabi/lib/armv7e-m/libc_nano.a(lib_a-init.o)
 .ARM.attributes
                0x00000000000003e4       0x2e /usr/bin/../lib/gcc/arm-none-eabi/5.4.1/../../../../arm-none-eabi/lib/armv7e-m/libc_nano.a(lib_a-malloc.o)
 .ARM.attributes
                0x0000000000000412       0x2e /usr/bin/../lib/gcc/arm-none-eabi/5.4.1/../../../../arm-none-eabi/lib/armv7e-m/libc_nano.a(lib_a-nano-callocr.o)
 .ARM.attributes
                0x0000000000000440       0x2e /usr/bin/../lib/gcc/arm-none-eabi/5.4.1/../../../../arm-none-eabi/lib/armv7e-m/libc_nano.a(lib_a-nano-freer.o)
 .ARM.attributes
                0x000000000000046e       0x2e /usr/bin/../lib/gcc/arm-none-eabi/5.4.1/../../../../arm-none-eabi/lib/armv7e-m/libc_nano.a(lib_a-nano-mallocr.o)
 .ARM.attributes
                0x000000000000049c       0x2e /usr/bin/../lib/gcc/arm-none-eabi/5.4.1/../../../../arm-none-eabi/lib/armv7e-m/libc_nano.a(lib_a-nano-reallocr.o)
 .ARM.attributes
                0x00000000000004ca       0x2e /usr/bin/../lib/gcc/arm-none-eabi/5.4.1/../../../../arm-none-eabi/lib/armv7e-m/libc_nano.a(lib_a-impure.o)
 .ARM.attributes
                0x00000000000004f8       0x2e /usr/bin/../lib/gcc/arm-none-eabi/5.4.1/../../../../arm-none-eabi/lib/armv7e-m/libc_nano.a(lib_a-memcpy-stub.o)
 .ARM.attributes
                0x0000000000000526       0x2e /usr/bin/../lib/gcc/arm-none-eabi/5.4.1/../../../../arm-none-eabi/lib/armv7e-m/libc_nano.a(lib_a-memset.o)
 .ARM.attributes
                0x0000000000000554       0x2e /usr/bin/../lib/gcc/arm-none-eabi/5.4.1/../../../../arm-none-eabi/lib/armv7e-m/libc_nano.a(lib_a-mlock.o)
 .ARM.attributes
                0x0000000000000582       0x2e /usr/bin/../lib/gcc/arm-none-eabi/5.4.1/../../../../arm-none-eabi/lib/armv7e-m/libc_nano.a(lib_a-nano-msizer.o)

/DISCARD/
 *(.note.GNU-stack)
OUTPUT(build/hello-world.elf elf32-littlearm)

.debug_ranges   0x0000000000000000      0x540
 .debug_ranges  0x0000000000000000      0x1a8 build/main.o
 .debug_ranges  0x00000000000001a8       0x78 build/libxpcc/src/libxpcc.a(iostream.o)
 .debug_ranges  0x0000000000000220       0x48 build/libxpcc/src/libxpcc.a(cxxabi.o)
 .debug_ranges  0x0000000000000268       0x28 build/libxpcc/src/libxpcc.a(startup.o)
 .debug_ranges  0x0000000000000290       0x40 build/libxpcc/src/libxpcc.a(heap_newlib.o)
 .debug_ranges  0x00000000000002d0       0x20 build/libxpcc/src/libxpcc.a(delay.o)
 .debug_ranges  0x00000000000002f0       0x48 build/libxpcc/src/libxpcc.a(systick_timer.o)
 .debug_ranges  0x0000000000000338       0x10 build/libxpcc/src/libxpcc.a(latency.o)
 .debug_ranges  0x0000000000000348       0x48 build/libxpcc/src/libxpcc.a(clock.o)
 .debug_ranges  0x0000000000000390      0x148 build/libxpcc/src/libxpcc.a(uart_2.o)
 .debug_ranges  0x00000000000004d8       0x10 build/libxpcc/src/libxpcc.a(gpio_enable.o)
 .debug_ranges  0x00000000000004e8       0x18 build/libxpcc/src/libxpcc.a(clock.o)
 .debug_ranges  0x0000000000000500       0x28 build/libxpcc/src/libxpcc.a(heap_table.o)
 .debug_ranges  0x0000000000000528       0x18 build/libxpcc/src/libxpcc.a(hard_fault_handler.o)

Cross Reference Table

Symbol                                            File
ADC_IRQHandler                                    build/libxpcc/src/libxpcc.a(startup.o)
Board::initialize()                               build/main.o
Board::systemClock::enable()                      build/main.o
BusFault_Handler                                  build/libxpcc/src/libxpcc.a(startup.o)
CAN1_RX0_IRQHandler                               build/libxpcc/src/libxpcc.a(startup.o)
CAN1_RX1_IRQHandler                               build/libxpcc/src/libxpcc.a(startup.o)
CAN1_SCE_IRQHandler                               build/libxpcc/src/libxpcc.a(startup.o)
CAN1_TX_IRQHandler                                build/libxpcc/src/libxpcc.a(startup.o)
CAN2_RX0_IRQHandler                               build/libxpcc/src/libxpcc.a(startup.o)
CAN2_RX1_IRQHandler                               build/libxpcc/src/libxpcc.a(startup.o)
CAN2_SCE_IRQHandler                               build/libxpcc/src/libxpcc.a(startup.o)
CAN2_TX_IRQHandler                                build/libxpcc/src/libxpcc.a(startup.o)
DCMI_IRQHandler                                   build/libxpcc/src/libxpcc.a(startup.o)
DMA1_Stream0_IRQHandler                           build/libxpcc/src/libxpcc.a(startup.o)
DMA1_Stream1_IRQHandler                           build/libxpcc/src/libxpcc.a(startup.o)
DMA1_Stream2_IRQHandler                           build/libxpcc/src/libxpcc.a(startup.o)
DMA1_Stream3_IRQHandler                           build/libxpcc/src/libxpcc.a(startup.o)
DMA1_Stream4_IRQHandler                           build/libxpcc/src/libxpcc.a(startup.o)
DMA1_Stream5_IRQHandler                           build/libxpcc/src/libxpcc.a(startup.o)
DMA1_Stream6_IRQHandler                           build/libxpcc/src/libxpcc.a(startup.o)
DMA1_Stream7_IRQHandler                           build/libxpcc/src/libxpcc.a(startup.o)
DMA2_Stream0_IRQHandler                           build/libxpcc/src/libxpcc.a(startup.o)
DMA2_Stream1_IRQHandler                           build/libxpcc/src/libxpcc.a(startup.o)
DMA2_Stream2_IRQHandler                           build/libxpcc/src/libxpcc.a(startup.o)
DMA2_Stream3_IRQHandler                           build/libxpcc/src/libxpcc.a(startup.o)
DMA2_Stream4_IRQHandler                           build/libxpcc/src/libxpcc.a(startup.o)
DMA2_Stream5_IRQHandler                           build/libxpcc/src/libxpcc.a(startup.o)
DMA2_Stream6_IRQHandler                           build/libxpcc/src/libxpcc.a(startup.o)
DMA2_Stream7_IRQHandler                           build/libxpcc/src/libxpcc.a(startup.o)
DebugMon_Handler                                  build/libxpcc/src/libxpcc.a(startup.o)
ETH_IRQHandler                                    build/libxpcc/src/libxpcc.a(startup.o)
ETH_WKUP_IRQHandler                               build/libxpcc/src/libxpcc.a(startup.o)
EXTI0_IRQHandler                                  build/libxpcc/src/libxpcc.a(startup.o)
EXTI15_10_IRQHandler                              build/libxpcc/src/libxpcc.a(startup.o)
EXTI1_IRQHandler                                  build/libxpcc/src/libxpcc.a(startup.o)
EXTI2_IRQHandler                                  build/libxpcc/src/libxpcc.a(startup.o)
EXTI3_IRQHandler                                  build/libxpcc/src/libxpcc.a(startup.o)
EXTI4_IRQHandler                                  build/libxpcc/src/libxpcc.a(startup.o)
EXTI9_5_IRQHandler                                build/libxpcc/src/libxpcc.a(startup.o)
FLASH_IRQHandler                                  build/libxpcc/src/libxpcc.a(startup.o)
FPU_IRQHandler                                    build/libxpcc/src/libxpcc.a(startup.o)
FSMC_IRQHandler                                   build/libxpcc/src/libxpcc.a(startup.o)
HASH_RNG_IRQHandler                               build/libxpcc/src/libxpcc.a(startup.o)
HardFault_Handler                                 build/libxpcc/src/libxpcc.a(hard_fault.o)
                                                  build/libxpcc/src/libxpcc.a(startup.o)
I2C1_ER_IRQHandler                                build/libxpcc/src/libxpcc.a(startup.o)
I2C1_EV_IRQHandler                                build/libxpcc/src/libxpcc.a(startup.o)
I2C2_ER_IRQHandler                                build/libxpcc/src/libxpcc.a(startup.o)
I2C2_EV_IRQHandler                                build/libxpcc/src/libxpcc.a(startup.o)
I2C3_ER_IRQHandler                                build/libxpcc/src/libxpcc.a(startup.o)
I2C3_EV_IRQHandler                                build/libxpcc/src/libxpcc.a(startup.o)
MemManage_Handler                                 build/libxpcc/src/libxpcc.a(startup.o)
NMI_Handler                                       build/libxpcc/src/libxpcc.a(startup.o)
OTG_FS_IRQHandler                                 build/libxpcc/src/libxpcc.a(startup.o)
OTG_FS_WKUP_IRQHandler                            build/libxpcc/src/libxpcc.a(startup.o)
OTG_HS_EP1_IN_IRQHandler                          build/libxpcc/src/libxpcc.a(startup.o)
OTG_HS_EP1_OUT_IRQHandler                         build/libxpcc/src/libxpcc.a(startup.o)
OTG_HS_IRQHandler                                 build/libxpcc/src/libxpcc.a(startup.o)
OTG_HS_WKUP_IRQHandler                            build/libxpcc/src/libxpcc.a(startup.o)
PVD_IRQHandler                                    build/libxpcc/src/libxpcc.a(startup.o)
PendSV_Handler                                    build/libxpcc/src/libxpcc.a(startup.o)
RCC_IRQHandler                                    build/libxpcc/src/libxpcc.a(startup.o)
RTC_Alarm_IRQHandler                              build/libxpcc/src/libxpcc.a(startup.o)
RTC_WKUP_IRQHandler                               build/libxpcc/src/libxpcc.a(startup.o)
Reset_Handler                                     build/libxpcc/src/libxpcc.a(startup.o)
SDIO_IRQHandler                                   build/libxpcc/src/libxpcc.a(startup.o)
SPI1_IRQHandler                                   build/libxpcc/src/libxpcc.a(startup.o)
SPI2_IRQHandler                                   build/libxpcc/src/libxpcc.a(startup.o)
SPI3_IRQHandler                                   build/libxpcc/src/libxpcc.a(startup.o)
SVC_Handler                                       build/libxpcc/src/libxpcc.a(startup.o)
SysTick_Handler                                   build/libxpcc/src/libxpcc.a(systick_timer.o)
                                                  build/libxpcc/src/libxpcc.a(startup.o)
TAMP_STAMP_IRQHandler                             build/libxpcc/src/libxpcc.a(startup.o)
TIM1_BRK_TIM9_IRQHandler                          build/libxpcc/src/libxpcc.a(startup.o)
TIM1_CC_IRQHandler                                build/libxpcc/src/libxpcc.a(startup.o)
TIM1_TRG_COM_TIM11_IRQHandler                     build/libxpcc/src/libxpcc.a(startup.o)
TIM1_UP_TIM10_IRQHandler                          build/libxpcc/src/libxpcc.a(startup.o)
TIM2_IRQHandler                                   build/libxpcc/src/libxpcc.a(startup.o)
TIM3_IRQHandler                                   build/libxpcc/src/libxpcc.a(startup.o)
TIM4_IRQHandler                                   build/libxpcc/src/libxpcc.a(startup.o)
TIM5_IRQHandler                                   build/libxpcc/src/libxpcc.a(startup.o)
TIM6_DAC_IRQHandler                               build/libxpcc/src/libxpcc.a(startup.o)
TIM7_IRQHandler                                   build/libxpcc/src/libxpcc.a(startup.o)
TIM8_BRK_TIM12_IRQHandler                         build/libxpcc/src/libxpcc.a(startup.o)
TIM8_CC_IRQHandler                                build/libxpcc/src/libxpcc.a(startup.o)
TIM8_TRG_COM_TIM14_IRQHandler                     build/libxpcc/src/libxpcc.a(startup.o)
TIM8_UP_TIM13_IRQHandler                          build/libxpcc/src/libxpcc.a(startup.o)
UART4_IRQHandler                                  build/libxpcc/src/libxpcc.a(startup.o)
UART5_IRQHandler                                  build/libxpcc/src/libxpcc.a(startup.o)
USART1_IRQHandler                                 build/libxpcc/src/libxpcc.a(startup.o)
USART2_IRQHandler                                 build/libxpcc/src/libxpcc.a(uart_2.o)
                                                  build/libxpcc/src/libxpcc.a(startup.o)
USART3_IRQHandler                                 build/libxpcc/src/libxpcc.a(startup.o)
USART6_IRQHandler                                 build/libxpcc/src/libxpcc.a(startup.o)
UsageFault_Handler                                build/libxpcc/src/libxpcc.a(startup.o)
WWDG_IRQHandler                                   build/libxpcc/src/libxpcc.a(startup.o)
__aeabi_atexit                                    build/libxpcc/src/libxpcc.a(cxxabi.o)
                                                  build/main.o
__aeabi_idiv0                                     /usr/bin/../lib/gcc/arm-none-eabi/5.4.1/armv7e-m/libgcc.a(_dvmd_tls.o)
__aeabi_ldiv0                                     /usr/bin/../lib/gcc/arm-none-eabi/5.4.1/armv7e-m/libgcc.a(_dvmd_tls.o)
                                                  /usr/bin/../lib/gcc/arm-none-eabi/5.4.1/armv7e-m/libgcc.a(_aeabi_uldivmod.o)
__aeabi_uldivmod                                  /usr/bin/../lib/gcc/arm-none-eabi/5.4.1/armv7e-m/libgcc.a(_aeabi_uldivmod.o)
                                                  build/libxpcc/src/libxpcc.a(iostream.o)
__brkval                                          build/libxpcc/src/libxpcc.a(heap_newlib.o)
__cxa_guard_abort                                 build/libxpcc/src/libxpcc.a(cxxabi.o)
__cxa_guard_acquire                               build/libxpcc/src/libxpcc.a(cxxabi.o)
__cxa_guard_release                               build/libxpcc/src/libxpcc.a(cxxabi.o)
__cxa_pure_virtual                                build/libxpcc/src/libxpcc.a(cxxabi.o)
__dso_handle                                      build/libxpcc/src/libxpcc.a(cxxabi.o)
                                                  build/main.o
__init_array_end                                  /usr/bin/../lib/gcc/arm-none-eabi/5.4.1/../../../../arm-none-eabi/lib/armv7e-m/libc_nano.a(lib_a-init.o)
__init_array_start                                /usr/bin/../lib/gcc/arm-none-eabi/5.4.1/../../../../arm-none-eabi/lib/armv7e-m/libc_nano.a(lib_a-init.o)
__libc_init_array                                 /usr/bin/../lib/gcc/arm-none-eabi/5.4.1/../../../../arm-none-eabi/lib/armv7e-m/libc_nano.a(lib_a-init.o)
                                                  build/libxpcc/src/libxpcc.a(startup.o)
__main_stack_top                                  build/libxpcc/src/libxpcc.a(startup.o)
__malloc_free_list                                /usr/bin/../lib/gcc/arm-none-eabi/5.4.1/../../../../arm-none-eabi/lib/armv7e-m/libc_nano.a(lib_a-nano-mallocr.o)
                                                  /usr/bin/../lib/gcc/arm-none-eabi/5.4.1/../../../../arm-none-eabi/lib/armv7e-m/libc_nano.a(lib_a-nano-freer.o)
__malloc_lock                                     /usr/bin/../lib/gcc/arm-none-eabi/5.4.1/../../../../arm-none-eabi/lib/armv7e-m/libc_nano.a(lib_a-mlock.o)
                                                  /usr/bin/../lib/gcc/arm-none-eabi/5.4.1/../../../../arm-none-eabi/lib/armv7e-m/libc_nano.a(lib_a-nano-mallocr.o)
                                                  /usr/bin/../lib/gcc/arm-none-eabi/5.4.1/../../../../arm-none-eabi/lib/armv7e-m/libc_nano.a(lib_a-nano-freer.o)
__malloc_sbrk_start                               /usr/bin/../lib/gcc/arm-none-eabi/5.4.1/../../../../arm-none-eabi/lib/armv7e-m/libc_nano.a(lib_a-nano-mallocr.o)
__malloc_unlock                                   /usr/bin/../lib/gcc/arm-none-eabi/5.4.1/../../../../arm-none-eabi/lib/armv7e-m/libc_nano.a(lib_a-mlock.o)
                                                  /usr/bin/../lib/gcc/arm-none-eabi/5.4.1/../../../../arm-none-eabi/lib/armv7e-m/libc_nano.a(lib_a-nano-mallocr.o)
                                                  /usr/bin/../lib/gcc/arm-none-eabi/5.4.1/../../../../arm-none-eabi/lib/armv7e-m/libc_nano.a(lib_a-nano-freer.o)
__preinit_array_end                               /usr/bin/../lib/gcc/arm-none-eabi/5.4.1/../../../../arm-none-eabi/lib/armv7e-m/libc_nano.a(lib_a-init.o)
__preinit_array_start                             /usr/bin/../lib/gcc/arm-none-eabi/5.4.1/../../../../arm-none-eabi/lib/armv7e-m/libc_nano.a(lib_a-init.o)
__process_stack_top                               build/libxpcc/src/libxpcc.a(hard_fault.o)
__sf_fake_stderr                                  /usr/bin/../lib/gcc/arm-none-eabi/5.4.1/../../../../arm-none-eabi/lib/armv7e-m/libc_nano.a(lib_a-impure.o)
__sf_fake_stdin                                   /usr/bin/../lib/gcc/arm-none-eabi/5.4.1/../../../../arm-none-eabi/lib/armv7e-m/libc_nano.a(lib_a-impure.o)
__sf_fake_stdout                                  /usr/bin/../lib/gcc/arm-none-eabi/5.4.1/../../../../arm-none-eabi/lib/armv7e-m/libc_nano.a(lib_a-impure.o)
__stack_end                                       build/libxpcc/src/libxpcc.a(startup.o)
__stack_start                                     build/libxpcc/src/libxpcc.a(hard_fault.o)
                                                  build/libxpcc/src/libxpcc.a(startup.o)
__table_copy_extern_end                           build/libxpcc/src/libxpcc.a(startup.o)
__table_copy_extern_start                         build/libxpcc/src/libxpcc.a(startup.o)
__table_copy_intern_end                           build/libxpcc/src/libxpcc.a(startup.o)
__table_copy_intern_start                         build/libxpcc/src/libxpcc.a(startup.o)
__table_heap_end                                  build/libxpcc/src/libxpcc.a(heap_table.o)
__table_heap_start                                build/libxpcc/src/libxpcc.a(heap_table.o)
__table_zero_extern_end                           build/libxpcc/src/libxpcc.a(startup.o)
__table_zero_extern_start                         build/libxpcc/src/libxpcc.a(startup.o)
__table_zero_intern_end                           build/libxpcc/src/libxpcc.a(startup.o)
__table_zero_intern_start                         build/libxpcc/src/libxpcc.a(startup.o)
__udivmoddi4                                      /usr/bin/../lib/gcc/arm-none-eabi/5.4.1/armv7e-m/libgcc.a(_udivmoddi4.o)
                                                  /usr/bin/../lib/gcc/arm-none-eabi/5.4.1/armv7e-m/libgcc.a(_aeabi_uldivmod.o)
__vector_table_rom_start                          build/libxpcc/src/libxpcc.a(startup.o)
__wrap__calloc_r                                  build/libxpcc/src/libxpcc.a(heap_newlib.o)
__wrap__free_r                                    build/libxpcc/src/libxpcc.a(heap_newlib.o)
                                                  /usr/bin/../lib/gcc/arm-none-eabi/5.4.1/../../../../arm-none-eabi/lib/armv7e-m/libc_nano.a(lib_a-nano-reallocr.o)
                                                  /usr/bin/../lib/gcc/arm-none-eabi/5.4.1/../../../../arm-none-eabi/lib/armv7e-m/libc_nano.a(lib_a-malloc.o)
__wrap__malloc_r                                  build/libxpcc/src/libxpcc.a(heap_newlib.o)
                                                  /usr/bin/../lib/gcc/arm-none-eabi/5.4.1/../../../../arm-none-eabi/lib/armv7e-m/libc_nano.a(lib_a-nano-reallocr.o)
                                                  /usr/bin/../lib/gcc/arm-none-eabi/5.4.1/../../../../arm-none-eabi/lib/armv7e-m/libc_nano.a(lib_a-nano-callocr.o)
                                                  /usr/bin/../lib/gcc/arm-none-eabi/5.4.1/../../../../arm-none-eabi/lib/armv7e-m/libc_nano.a(lib_a-malloc.o)
__wrap__realloc_r                                 build/libxpcc/src/libxpcc.a(heap_newlib.o)
__xpcc_initialize_memory                          build/libxpcc/src/libxpcc.a(heap_newlib.o)
                                                  build/libxpcc/src/libxpcc.a(startup.o)
_calloc_r                                         /usr/bin/../lib/gcc/arm-none-eabi/5.4.1/../../../../arm-none-eabi/lib/armv7e-m/libc_nano.a(lib_a-nano-callocr.o)
                                                  build/libxpcc/src/libxpcc.a(heap_newlib.o)
_defaultHandler                                   build/libxpcc/src/libxpcc.a(default_handler.o)
_delay_ms                                         build/libxpcc/src/libxpcc.a(delay.o)
                                                  build/main.o
_delay_ns                                         build/libxpcc/src/libxpcc.a(delay.o)
_delay_us                                         build/libxpcc/src/libxpcc.a(delay.o)
_exit                                             build/libxpcc/src/libxpcc.a(default_handler.o)
_fini                                             build/libxpcc/src/libxpcc.a(default_handler.o)
_free_r                                           /usr/bin/../lib/gcc/arm-none-eabi/5.4.1/../../../../arm-none-eabi/lib/armv7e-m/libc_nano.a(lib_a-nano-freer.o)
                                                  build/libxpcc/src/libxpcc.a(heap_newlib.o)
_global_impure_ptr                                /usr/bin/../lib/gcc/arm-none-eabi/5.4.1/../../../../arm-none-eabi/lib/armv7e-m/libc_nano.a(lib_a-impure.o)
_impure_ptr                                       /usr/bin/../lib/gcc/arm-none-eabi/5.4.1/../../../../arm-none-eabi/lib/armv7e-m/libc_nano.a(lib_a-impure.o)
                                                  /usr/bin/../lib/gcc/arm-none-eabi/5.4.1/../../../../arm-none-eabi/lib/armv7e-m/libc_nano.a(lib_a-malloc.o)
_init                                             build/libxpcc/src/libxpcc.a(default_handler.o)
                                                  /usr/bin/../lib/gcc/arm-none-eabi/5.4.1/../../../../arm-none-eabi/lib/armv7e-m/libc_nano.a(lib_a-init.o)
_initHardFaultHandlerLed                          build/libxpcc/src/libxpcc.a(hard_fault_handler.o)
                                                  build/libxpcc/src/libxpcc.a(hard_fault.o)
_malloc_r                                         /usr/bin/../lib/gcc/arm-none-eabi/5.4.1/../../../../arm-none-eabi/lib/armv7e-m/libc_nano.a(lib_a-nano-mallocr.o)
                                                  build/libxpcc/src/libxpcc.a(heap_newlib.o)
_malloc_usable_size_r                             /usr/bin/../lib/gcc/arm-none-eabi/5.4.1/../../../../arm-none-eabi/lib/armv7e-m/libc_nano.a(lib_a-nano-msizer.o)
                                                  /usr/bin/../lib/gcc/arm-none-eabi/5.4.1/../../../../arm-none-eabi/lib/armv7e-m/libc_nano.a(lib_a-nano-reallocr.o)
_realloc_r                                        /usr/bin/../lib/gcc/arm-none-eabi/5.4.1/../../../../arm-none-eabi/lib/armv7e-m/libc_nano.a(lib_a-nano-reallocr.o)
                                                  build/libxpcc/src/libxpcc.a(heap_newlib.o)
_sbrk_r                                           build/libxpcc/src/libxpcc.a(heap_newlib.o)
                                                  /usr/bin/../lib/gcc/arm-none-eabi/5.4.1/../../../../arm-none-eabi/lib/armv7e-m/libc_nano.a(lib_a-nano-mallocr.o)
_toggleHardFaultHandlerLed                        build/libxpcc/src/libxpcc.a(hard_fault_handler.o)
                                                  build/libxpcc/src/libxpcc.a(hard_fault.o)
base                                              build/libxpcc/src/libxpcc.a(iostream.o)
defaultHandler                                    build/libxpcc/src/libxpcc.a(startup.o)
exit                                              build/libxpcc/src/libxpcc.a(default_handler.o)
                                                  build/libxpcc/src/libxpcc.a(heap_newlib.o)
                                                  build/libxpcc/src/libxpcc.a(startup.o)
flashVectors                                      build/libxpcc/src/libxpcc.a(startup.o)
free                                              /usr/bin/../lib/gcc/arm-none-eabi/5.4.1/../../../../arm-none-eabi/lib/armv7e-m/libc_nano.a(lib_a-malloc.o)
                                                  build/libxpcc/src/libxpcc.a(cxxabi.o)
heap_end                                          build/libxpcc/src/libxpcc.a(heap_newlib.o)
loggerDevice                                      build/main.o
main                                              build/main.o
                                                  build/libxpcc/src/libxpcc.a(startup.o)
malloc                                            /usr/bin/../lib/gcc/arm-none-eabi/5.4.1/../../../../arm-none-eabi/lib/armv7e-m/libc_nano.a(lib_a-malloc.o)
                                                  build/libxpcc/src/libxpcc.a(heap_newlib.o)
                                                  build/libxpcc/src/libxpcc.a(cxxabi.o)
malloc_tr                                         build/libxpcc/src/libxpcc.a(heap_newlib.o)
                                                  build/libxpcc/src/libxpcc.a(cxxabi.o)
memcpy                                            /usr/bin/../lib/gcc/arm-none-eabi/5.4.1/../../../../arm-none-eabi/lib/armv7e-m/libc_nano.a(lib_a-memcpy-stub.o)
                                                  /usr/bin/../lib/gcc/arm-none-eabi/5.4.1/../../../../arm-none-eabi/lib/armv7e-m/libc_nano.a(lib_a-nano-reallocr.o)
memset                                            /usr/bin/../lib/gcc/arm-none-eabi/5.4.1/../../../../arm-none-eabi/lib/armv7e-m/libc_nano.a(lib_a-memset.o)
                                                  /usr/bin/../lib/gcc/arm-none-eabi/5.4.1/../../../../arm-none-eabi/lib/armv7e-m/libc_nano.a(lib_a-nano-callocr.o)
operator delete(void*)                            build/libxpcc/src/libxpcc.a(cxxabi.o)
                                                  build/main.o
operator delete[](void*)                          build/libxpcc/src/libxpcc.a(cxxabi.o)
operator new(unsigned int)                        build/libxpcc/src/libxpcc.a(cxxabi.o)
operator new(unsigned int, xpcc::Flags<xpcc::MemoryTrait, unsigned short>) build/libxpcc/src/libxpcc.a(cxxabi.o)
operator new[](unsigned int)                      build/libxpcc/src/libxpcc.a(cxxabi.o)
operator new[](unsigned int, xpcc::Flags<xpcc::MemoryTrait, unsigned short>) build/libxpcc/src/libxpcc.a(cxxabi.o)
vtable for xpcc::IODeviceWrapper<xpcc::stm32::Usart2, (xpcc::IOBuffer)1> build/main.o
xpcc::Clock::time                                 build/libxpcc/src/libxpcc.a(clock.o)
                                                  build/libxpcc/src/libxpcc.a(systick_timer.o)
xpcc::GenericTimestamp<unsigned long> xpcc::Clock::now<xpcc::GenericTimestamp<unsigned long> >() build/libxpcc/src/libxpcc.a(clock.o)
xpcc::GenericTimestamp<unsigned short> xpcc::Clock::now<xpcc::GenericTimestamp<unsigned short> >() build/libxpcc/src/libxpcc.a(clock.o)
xpcc::IODeviceWrapper<xpcc::stm32::Usart2, (xpcc::IOBuffer)1>::flush() build/main.o
xpcc::IODeviceWrapper<xpcc::stm32::Usart2, (xpcc::IOBuffer)1>::read(char&) build/main.o
xpcc::IODeviceWrapper<xpcc::stm32::Usart2, (xpcc::IOBuffer)1>::write(char const*) build/main.o
xpcc::IODeviceWrapper<xpcc::stm32::Usart2, (xpcc::IOBuffer)1>::write(char) build/main.o
xpcc::IODeviceWrapper<xpcc::stm32::Usart2, (xpcc::IOBuffer)1>::~IODeviceWrapper() build/main.o
xpcc::IODeviceWrapper<xpcc::stm32::Usart2, (xpcc::IOBuffer)1>::~IODeviceWrapper() build/main.o
xpcc::IODeviceWrapper<xpcc::stm32::Usart2, (xpcc::IOBuffer)1>::~IODeviceWrapper() build/main.o
xpcc::IOStream::IOStream(xpcc::IODevice&)         build/libxpcc/src/libxpcc.a(iostream.o)
                                                  build/main.o
xpcc::IOStream::IOStream(xpcc::IODevice&)         build/libxpcc/src/libxpcc.a(iostream.o)
xpcc::IOStream::operator<<(void (* const&)())     build/libxpcc/src/libxpcc.a(iostream.o)
xpcc::IOStream::operator<<(void const*)           build/libxpcc/src/libxpcc.a(iostream.o)
xpcc::IOStream::writeBin(char const*)             build/libxpcc/src/libxpcc.a(iostream.o)
                                                  build/main.o
xpcc::IOStream::writeBin(unsigned char)           build/libxpcc/src/libxpcc.a(iostream.o)
                                                  build/main.o
xpcc::IOStream::writeHex(char const*)             build/libxpcc/src/libxpcc.a(iostream.o)
                                                  build/main.o
xpcc::IOStream::writeHex(unsigned char)           build/libxpcc/src/libxpcc.a(iostream.o)
                                                  build/main.o
xpcc::IOStream::writeHexNibble(unsigned char)     build/libxpcc/src/libxpcc.a(iostream.o)
xpcc::IOStream::writeInteger(long long)           build/libxpcc/src/libxpcc.a(iostream.o)
xpcc::IOStream::writeInteger(long)                build/libxpcc/src/libxpcc.a(iostream.o)
xpcc::IOStream::writeInteger(short)               build/libxpcc/src/libxpcc.a(iostream.o)
xpcc::IOStream::writeInteger(unsigned long long)  build/libxpcc/src/libxpcc.a(iostream.o)
xpcc::IOStream::writeInteger(unsigned long)       build/libxpcc/src/libxpcc.a(iostream.o)
                                                  build/main.o
xpcc::IOStream::writeInteger(unsigned short)      build/libxpcc/src/libxpcc.a(iostream.o)
xpcc::clock::fcpu                                 build/libxpcc/src/libxpcc.a(clock.o)
                                                  build/libxpcc/src/libxpcc.a(hard_fault.o)
                                                  build/main.o
xpcc::clock::fcpu_MHz                             build/libxpcc/src/libxpcc.a(clock.o)
                                                  build/libxpcc/src/libxpcc.a(delay.o)
                                                  build/main.o
xpcc::clock::fcpu_kHz                             build/libxpcc/src/libxpcc.a(clock.o)
                                                  build/libxpcc/src/libxpcc.a(delay.o)
                                                  build/main.o
xpcc::clock::ns_per_loop                          build/libxpcc/src/libxpcc.a(clock.o)
                                                  build/libxpcc/src/libxpcc.a(delay.o)
                                                  build/main.o
xpcc::cortex::SysTickTimer::attachInterruptHandler(void (*)()) build/libxpcc/src/libxpcc.a(systick_timer.o)
xpcc::cortex::SysTickTimer::detachInterruptHandler() build/libxpcc/src/libxpcc.a(systick_timer.o)
xpcc::cortex::SysTickTimer::disable()             build/libxpcc/src/libxpcc.a(systick_timer.o)
xpcc::cortex::SysTickTimer::enable(unsigned long) build/libxpcc/src/libxpcc.a(systick_timer.o)
                                                  build/main.o
xpcc::log::debug                                  build/main.o
xpcc::log::error                                  build/main.o
xpcc::log::info                                   build/main.o
xpcc::log::warning                                build/main.o
xpcc::stm32::ClockControl::enableExternalClock(unsigned long) build/libxpcc/src/libxpcc.a(clock.o)
xpcc::stm32::ClockControl::enableExternalCrystal(unsigned long) build/libxpcc/src/libxpcc.a(clock.o)
                                                  build/main.o
xpcc::stm32::ClockControl::enableInternalClock(unsigned long) build/libxpcc/src/libxpcc.a(clock.o)
xpcc::stm32::ClockControl::enableLowSpeedExternalClock(unsigned long) build/libxpcc/src/libxpcc.a(clock.o)
xpcc::stm32::ClockControl::enableLowSpeedExternalCrystal(unsigned long) build/libxpcc/src/libxpcc.a(clock.o)
xpcc::stm32::ClockControl::enableLowSpeedInternalClock(unsigned long) build/libxpcc/src/libxpcc.a(clock.o)
xpcc::stm32::ClockControl::enablePll(xpcc::stm32::ClockControl::PllSource, unsigned char, unsigned short, unsigned char, unsigned char, unsigned long) build/libxpcc/src/libxpcc.a(clock.o)
                                                  build/main.o
xpcc::stm32::ClockControl::enableSystemClock(xpcc::stm32::ClockControl::SystemClockSource, unsigned long) build/libxpcc/src/libxpcc.a(clock.o)
                                                  build/main.o
xpcc::stm32::ClockControl::setFlashLatency(unsigned long, unsigned short) build/libxpcc/src/libxpcc.a(latency.o)
                                                  build/main.o
xpcc::stm32::Usart2::discardReceiveBuffer()       build/libxpcc/src/libxpcc.a(uart_2.o)
xpcc::stm32::Usart2::discardTransmitBuffer()      build/libxpcc/src/libxpcc.a(uart_2.o)
xpcc::stm32::Usart2::flushWriteBuffer()           build/libxpcc/src/libxpcc.a(uart_2.o)
xpcc::stm32::Usart2::initializeBuffered(unsigned long) build/libxpcc/src/libxpcc.a(uart_2.o)
                                                  build/main.o
xpcc::stm32::Usart2::isWriteFinished()            build/libxpcc/src/libxpcc.a(uart_2.o)
xpcc::stm32::Usart2::read(unsigned char&)         build/libxpcc/src/libxpcc.a(uart_2.o)
                                                  build/main.o
xpcc::stm32::Usart2::read(unsigned char*, unsigned int) build/libxpcc/src/libxpcc.a(uart_2.o)
xpcc::stm32::Usart2::write(unsigned char const*, unsigned int) build/libxpcc/src/libxpcc.a(uart_2.o)
xpcc::stm32::Usart2::write(unsigned char)         build/libxpcc/src/libxpcc.a(uart_2.o)
                                                  build/main.o
xpcc::stm32::Usart2::writeBlocking(unsigned char const*, unsigned int) build/libxpcc/src/libxpcc.a(uart_2.o)
xpcc::stm32::Usart2::writeBlocking(unsigned char) build/libxpcc/src/libxpcc.a(uart_2.o)
xpcc_gpio_enable                                  build/libxpcc/src/libxpcc.a(gpio_enable.o)
                                                  build/libxpcc/src/libxpcc.a(startup.o)
xpcc_heap_table_find_largest                      build/libxpcc/src/libxpcc.a(heap_table.o)
                                                  build/libxpcc/src/libxpcc.a(heap_newlib.o)
xpcc_hook_hardware_init                           build/libxpcc/src/libxpcc.a(startup.o)
